// Jest Snapshot v1, https://goo.gl/fbAQLP

exports[`should render Forecast correctly 1`] = `
ShallowWrapper {
  "length": 1,
  Symbol(enzyme.__root__): [Circular],
  Symbol(enzyme.__unrendered__): <Forecast
    match={
      Object {
        "params": Object {
          "zipcode": "92092",
        },
      }
    }
    zipcode="92092"
  />,
  Symbol(enzyme.__renderer__): Object {
    "batchedUpdates": [Function],
    "getNode": [Function],
    "render": [Function],
    "simulateEvent": [Function],
    "unmount": [Function],
  },
  Symbol(enzyme.__node__): Object {
    "instance": null,
    "key": undefined,
    "nodeType": "host",
    "props": Object {
      "children": Array [
        <Navbar />,
        <div
          className="nav"
        >
          <button
            className="button active"
            onClick={[Function]}
          >
            Today
          </button>
          <button
            className="button "
            onClick={[Function]}
          >
            5-Day
          </button>
        </div>,
        <div
          className="weather-data"
        >
          <Today
            data="92092"
          />
        </div>,
      ],
      "style": Object {
        "color": "rgb(255,255,255)",
      },
    },
    "ref": null,
    "rendered": Array [
      Object {
        "instance": null,
        "key": undefined,
        "nodeType": "class",
        "props": Object {},
        "ref": null,
        "rendered": null,
        "type": [Function],
      },
      Object {
        "instance": null,
        "key": undefined,
        "nodeType": "host",
        "props": Object {
          "children": Array [
            <button
              className="button active"
              onClick={[Function]}
            >
              Today
            </button>,
            <button
              className="button "
              onClick={[Function]}
            >
              5-Day
            </button>,
          ],
          "className": "nav",
        },
        "ref": null,
        "rendered": Array [
          Object {
            "instance": null,
            "key": undefined,
            "nodeType": "host",
            "props": Object {
              "children": "Today",
              "className": "button active",
              "onClick": [Function],
            },
            "ref": null,
            "rendered": "Today",
            "type": "button",
          },
          Object {
            "instance": null,
            "key": undefined,
            "nodeType": "host",
            "props": Object {
              "children": "5-Day",
              "className": "button ",
              "onClick": [Function],
            },
            "ref": null,
            "rendered": "5-Day",
            "type": "button",
          },
        ],
        "type": "div",
      },
      Object {
        "instance": null,
        "key": undefined,
        "nodeType": "host",
        "props": Object {
          "children": <Today
            data="92092"
          />,
          "className": "weather-data",
        },
        "ref": null,
        "rendered": Object {
          "instance": null,
          "key": undefined,
          "nodeType": "class",
          "props": Object {
            "data": "92092",
          },
          "ref": null,
          "rendered": null,
          "type": [Function],
        },
        "type": "div",
      },
    ],
    "type": "div",
  },
  Symbol(enzyme.__nodes__): Array [
    Object {
      "instance": null,
      "key": undefined,
      "nodeType": "host",
      "props": Object {
        "children": Array [
          <Navbar />,
          <div
            className="nav"
          >
            <button
              className="button active"
              onClick={[Function]}
            >
              Today
            </button>
            <button
              className="button "
              onClick={[Function]}
            >
              5-Day
            </button>
          </div>,
          <div
            className="weather-data"
          >
            <Today
              data="92092"
            />
          </div>,
        ],
        "style": Object {
          "color": "rgb(255,255,255)",
        },
      },
      "ref": null,
      "rendered": Array [
        Object {
          "instance": null,
          "key": undefined,
          "nodeType": "class",
          "props": Object {},
          "ref": null,
          "rendered": null,
          "type": [Function],
        },
        Object {
          "instance": null,
          "key": undefined,
          "nodeType": "host",
          "props": Object {
            "children": Array [
              <button
                className="button active"
                onClick={[Function]}
              >
                Today
              </button>,
              <button
                className="button "
                onClick={[Function]}
              >
                5-Day
              </button>,
            ],
            "className": "nav",
          },
          "ref": null,
          "rendered": Array [
            Object {
              "instance": null,
              "key": undefined,
              "nodeType": "host",
              "props": Object {
                "children": "Today",
                "className": "button active",
                "onClick": [Function],
              },
              "ref": null,
              "rendered": "Today",
              "type": "button",
            },
            Object {
              "instance": null,
              "key": undefined,
              "nodeType": "host",
              "props": Object {
                "children": "5-Day",
                "className": "button ",
                "onClick": [Function],
              },
              "ref": null,
              "rendered": "5-Day",
              "type": "button",
            },
          ],
          "type": "div",
        },
        Object {
          "instance": null,
          "key": undefined,
          "nodeType": "host",
          "props": Object {
            "children": <Today
              data="92092"
            />,
            "className": "weather-data",
          },
          "ref": null,
          "rendered": Object {
            "instance": null,
            "key": undefined,
            "nodeType": "class",
            "props": Object {
              "data": "92092",
            },
            "ref": null,
            "rendered": null,
            "type": [Function],
          },
          "type": "div",
        },
      ],
      "type": "div",
    },
  ],
  Symbol(enzyme.__options__): Object {
    "adapter": ReactSixteenAdapter {
      "options": Object {
        "enableComponentDidUpdateOnSetState": true,
      },
    },
  },
}
`;
