// Jest Snapshot v1, https://goo.gl/fbAQLP

exports[`should render Zipcode correctly 1`] = `
ShallowWrapper {
  "length": 1,
  Symbol(enzyme.__root__): [Circular],
  Symbol(enzyme.__unrendered__): <Zipcode />,
  Symbol(enzyme.__renderer__): Object {
    "batchedUpdates": [Function],
    "getNode": [Function],
    "render": [Function],
    "simulateEvent": [Function],
    "unmount": [Function],
  },
  Symbol(enzyme.__node__): Object {
    "instance": null,
    "key": undefined,
    "nodeType": "host",
    "props": Object {
      "children": <form
        className="form"
      >
        <div
          className="form-container"
        >
          <label
            id="search-label"
          >
            Get weather by zipcode
          </label>
          <Searchbar />
        </div>
      </form>,
    },
    "ref": null,
    "rendered": Object {
      "instance": null,
      "key": undefined,
      "nodeType": "host",
      "props": Object {
        "children": <div
          className="form-container"
        >
          <label
            id="search-label"
          >
            Get weather by zipcode
          </label>
          <Searchbar />
        </div>,
        "className": "form",
      },
      "ref": null,
      "rendered": Object {
        "instance": null,
        "key": undefined,
        "nodeType": "host",
        "props": Object {
          "children": Array [
            <label
              id="search-label"
            >
              Get weather by zipcode
            </label>,
            <Searchbar />,
          ],
          "className": "form-container",
        },
        "ref": null,
        "rendered": Array [
          Object {
            "instance": null,
            "key": undefined,
            "nodeType": "host",
            "props": Object {
              "children": "Get weather by zipcode",
              "id": "search-label",
            },
            "ref": null,
            "rendered": "Get weather by zipcode",
            "type": "label",
          },
          Object {
            "instance": null,
            "key": undefined,
            "nodeType": "class",
            "props": Object {},
            "ref": null,
            "rendered": null,
            "type": [Function],
          },
        ],
        "type": "div",
      },
      "type": "form",
    },
    "type": "div",
  },
  Symbol(enzyme.__nodes__): Array [
    Object {
      "instance": null,
      "key": undefined,
      "nodeType": "host",
      "props": Object {
        "children": <form
          className="form"
        >
          <div
            className="form-container"
          >
            <label
              id="search-label"
            >
              Get weather by zipcode
            </label>
            <Searchbar />
          </div>
        </form>,
      },
      "ref": null,
      "rendered": Object {
        "instance": null,
        "key": undefined,
        "nodeType": "host",
        "props": Object {
          "children": <div
            className="form-container"
          >
            <label
              id="search-label"
            >
              Get weather by zipcode
            </label>
            <Searchbar />
          </div>,
          "className": "form",
        },
        "ref": null,
        "rendered": Object {
          "instance": null,
          "key": undefined,
          "nodeType": "host",
          "props": Object {
            "children": Array [
              <label
                id="search-label"
              >
                Get weather by zipcode
              </label>,
              <Searchbar />,
            ],
            "className": "form-container",
          },
          "ref": null,
          "rendered": Array [
            Object {
              "instance": null,
              "key": undefined,
              "nodeType": "host",
              "props": Object {
                "children": "Get weather by zipcode",
                "id": "search-label",
              },
              "ref": null,
              "rendered": "Get weather by zipcode",
              "type": "label",
            },
            Object {
              "instance": null,
              "key": undefined,
              "nodeType": "class",
              "props": Object {},
              "ref": null,
              "rendered": null,
              "type": [Function],
            },
          ],
          "type": "div",
        },
        "type": "form",
      },
      "type": "div",
    },
  ],
  Symbol(enzyme.__options__): Object {
    "adapter": ReactSixteenAdapter {
      "options": Object {
        "enableComponentDidUpdateOnSetState": true,
      },
    },
  },
}
`;
